// Jest Snapshot v1, https://goo.gl/fbAQLP

exports[`renders the UI as expected 1`] = `
<form
  onSubmit={[Function]}
>
  <h2
    className="white"
  >
    <i
      className="fas fa-shoe-prints"
    />
     Plan a trip! 
    <div
      className="goContainer go"
    >
      <button
        className="white montebello blackBackground go"
        type="submit"
      >
        Go!
      </button>
    </div>
  </h2>
  <div
    className="labelWidthPlan"
  >
    <label
      htmlFor="new-trip-name"
    >
      <i
        className="fas fa-feather white"
      />
      <span
        className="labelWidthPlan white montebello"
      >
        New trip name
      </span>
      <input
        className="skinBackground black search"
        defaultValue="my awesome trip"
        id="new-trip-name"
        name="tripName"
        onChange={[Function]}
        type="text"
      />
      <span
        className="error cloudBlue"
      >
        
      </span>
    </label>
  </div>
  <div
    className="labelWidthPlan"
  >
    <label
      htmlFor="traveler-name"
    >
      <i
        className="fas fa-user-friends white"
      />
      <span
        className="labelWidthPlan white montebello"
      >
        Traveler names
      </span>
      <input
        className="skinBackground purple names"
        defaultValue={
          Array [
            "Lewis",
            " Clark",
            " Alexandra",
            "TBD",
          ]
        }
        id="traveler-name"
        name="tripTravelers"
        onChange={[Function]}
        type="text"
      />
      <span
        className="error cloudBlue"
      >
        
      </span>
    </label>
  </div>
  <div
    className="labelWidthPlan"
  >
    <label
      htmlFor="map-link"
    >
      <i
        className="fas fa-drafting-compass white"
      />
      <span
        className="labelWidthPlan white"
      >
        <a
          className="white montebello"
          href="https://www.google.com/"
          rel="noopener noreferrer"
          target="_blank"
        >
          Website
        </a>
      </span>
      <input
        className="skinBackground purple names"
        defaultValue="https://earth.google.com"
        id="map-link"
        name="tripURL"
        type="url"
      />
    </label>
  </div>
  <br />
  <div
    className="dates"
  >
    <div
      className="labelWidthDates"
    >
      <label
        htmlFor="start-date"
      >
        <span
          className="white montebello labelWidthPlan"
        >
          Start date
        </span>
        <input
          id="start-date"
          name="startDate"
          onChange={[Function]}
          type="date"
        />
         
      </label>
       
      <br />
    </div>
    <div
      className="labelWidthDates"
    >
      <label
        htmlFor="end-date"
      >
        <span
          className="white montebello labelWidthPlan"
        >
          End date
        </span>
        <input
          id="end-date"
          name="endDate"
          onChange={[Function]}
          type="date"
        />
        <span
          className="error cloudBlue"
        />
      </label>
    </div>
  </div>
</form>
`;
