// Jest Snapshot v1, https://goo.gl/fbAQLP

exports[`App Component renders the UI as expected 1`] = `
<div
  className="App"
>
  <div
    className="navContainer"
  >
    <nav
      className="navbar skin noDeco"
      role="navigation"
    >
      <a
        aria-current="page"
        className="active"
        href="/"
        onClick={[Function]}
        style={Object {}}
      >
        <img
          alt="ultraYumm home button"
          className="homeLogo"
          src="uYhomeLogo.png"
        />
      </a>
    </nav>
    <div
      className="myTrips montebello"
    >
      <a
        aria-current={null}
        className="noDeco"
        href="/sign-in"
        onClick={[Function]}
      >
        <span
          className="myTrips white"
        >
          get started
        </span>
      </a>
    </div>
  </div>
  <div
    className="home"
  >
    <div
      className="home"
    >
      <img
        alt="ultraYumm logo"
        className="uYtitle"
        src="uYtitle.png"
      />
      <h1
        className="black montebello title"
      >
        Get more energy!
        <span>
            
        </span>
        <span
          className="lighter"
        >
          pack lighter
        </span>
      </h1>
      <div
        className="primaryFont description"
      >
        <div
          className="descriptionText"
        >
          <strong>
            ultraYumm
          </strong>
           helps you plan and pack just the right amount of food for your trip. Search you favorite eats and allocate them in precise amounts to your travelers by day and by meal. Keep everyone energized and happy with ultra-light packs!
        </div>
        <div
          className="snowyOwlcontainer"
        >
          <img
            alt="snowy owl gif"
            className="snowyOwl"
            src="snowyOwl.GIF"
          />
        </div>
      </div>
    </div>
    <form
      className="myPlans"
      onSubmit={[Function]}
    >
      <h2
        className="white"
      >
        <i
          className="fas fa-skiing"
        />
        quick search!
      </h2>
      <label
        className="white montebello searchTerm"
        htmlFor="searchTerm"
      >
        <i
          className="fas fa-cookie-bite"
        />
         By name or brand
      </label>
      <input
        className="skinBackground purple"
        id="searchTerm"
        name="searchTerm"
        placeholder="Granola"
        required={true}
        type="text"
      />
      <div
        className="goContainer go"
      >
        <button
          className="white montebello blackBackground go"
          type="submit"
        >
          Go! 
          <span
            className="primaryFont username bold"
          />
        </button>
      </div>
    </form>
  </div>
  <footer>
    <ul
      className="social"
    >
      <li
        className="social_icon email"
      >
         
        <a
          alt="subject"
          className="noDeco"
          href="mailto:mailto:ultrayummprod@gmail.com?subject=Likes, dislikes, questions, a limerick...anything!"
        >
           
          <i
            alt="Email"
            className="fas fa-at social contact_icon black"
            title="Email your feedback"
          />
        </a>
      </li>
      <li
        className="social_icon email"
      >
        <a
          aria-current={null}
          className="noDeco"
          href="/policies"
          onClick={[Function]}
        >
          <i
            className="fas fa-info-circle black social contact_icon"
          />
        </a>
      </li>
      <li
        className="social_icon"
      >
         
        <a
          href="https://www.nutritionix.com"
          rel="noopener noreferrer"
          target="_blank"
        >
          <img
            alt="Nutritionix"
            className="attribution"
            src="NutritionixAPI.png"
          />
        </a>
      </li>
    </ul>
  </footer>
</div>
`;
